<!DOCTYPE html>
<html>
<head>
    <title></title>
    <link href="test/fixtures/test.74kbgu.css" type="text/css" rel="stylesheet" />
    <script src="test/fixtures/test.9qyb4a.js" type="text/javascript"></script>
    <link href="test/fixtures/favicon.ico" rel="shortcut icon" />
</head>
<body>
    <img src="test/fixtures/test.l2g13b.gif"/>
</body>
</html>