<!DOCTYPE html>
<html>
<head>
    <title></title>
    <link href="test/fixtures/test.css?a=0&_=74kbgu" type="text/css" rel="stylesheet" />
    <script src="test/fixtures/test.js?9qyb4a" type="text/javascript"></script>
    <link href="test/fixtures/favicon.ico" rel="shortcut icon" />
</head>
<body>
    <img src="test/fixtures/test.gif?l2g13b"/>
</body>
</html>